2025-04-08 12:06:48,509 - INFO - Calling color_map
2025-04-08 12:06:48,521 - INFO - Calling color_entry
2025-04-08 12:06:48,523 - INFO - Calling edge_check
2025-04-08 12:06:48,523 - INFO - Calling get_edge_pc
2025-04-08 12:06:48,523 - INFO - Calling corner_check
2025-04-08 12:06:48,524 - INFO - Calling get_corner_pc
2025-04-08 12:06:48,524 - INFO - Calling make_white_cross
2025-04-08 12:06:48,524 - INFO - Calling edge_solving
2025-04-08 12:06:48,525 - INFO - Calling get_edge_pc
2025-04-08 12:06:48,525 - INFO - Calling other_states
2025-04-08 12:06:48,525 - INFO - Calling other_states
2025-04-08 12:06:48,525 - INFO - Calling get_edge_pc
2025-04-08 12:06:48,526 - INFO - Calling get_edge_pc
2025-04-08 12:06:48,526 - INFO - Calling get_edge_pc
2025-04-08 12:06:48,526 - INFO - Calling get_edge_pc
2025-04-08 12:06:48,526 - INFO - Calling get_edge_pc
2025-04-08 12:06:48,527 - INFO - Calling other_states
2025-04-08 12:06:48,527 - INFO - Calling edge_flip
2025-04-08 12:06:48,527 - INFO - Calling other_states
2025-04-08 12:06:48,527 - INFO - Calling other_states
2025-04-08 12:06:48,528 - INFO - Calling edge_flip
2025-04-08 12:06:48,529 - INFO - Calling other_states
2025-04-08 12:06:48,529 - INFO - Calling corner_solving
2025-04-08 12:06:48,529 - INFO - Calling get_corner_pc
2025-04-08 12:06:48,529 - INFO - Calling other_states
2025-04-08 12:06:48,537 - INFO - Calling corner_move
2025-04-08 12:06:48,537 - INFO - Calling other_states
2025-04-08 12:06:48,537 - INFO - Calling get_corner_pc
2025-04-08 12:06:48,537 - INFO - Calling other_states
2025-04-08 12:06:48,539 - INFO - Calling corner_move
2025-04-08 12:06:48,541 - INFO - Calling other_states
2025-04-08 12:06:48,542 - INFO - Calling get_corner_pc
2025-04-08 12:06:48,544 - INFO - Calling corner_move
2025-04-08 12:06:48,544 - INFO - Calling other_states
2025-04-08 12:06:48,551 - INFO - Calling get_corner_pc
2025-04-08 12:06:48,551 - INFO - Calling other_states
2025-04-08 12:06:48,552 - INFO - Calling other_states
2025-04-08 12:06:48,552 - INFO - Calling other_states
2025-04-08 12:06:48,554 - INFO - Calling solve_mid_layer
2025-04-08 12:06:48,554 - INFO - Calling get_edge_pc
2025-04-08 12:06:48,554 - INFO - Calling other_states
2025-04-08 12:06:48,555 - INFO - Calling edge_to_right_mid
2025-04-08 12:06:48,555 - INFO - Calling other_states
2025-04-08 12:06:48,555 - INFO - Calling get_edge_pc
2025-04-08 12:06:48,555 - INFO - Calling get_edge_pc
2025-04-08 12:06:48,571 - INFO - Calling other_states
2025-04-08 12:06:48,576 - INFO - Calling edge_to_left_mid
2025-04-08 12:06:48,576 - INFO - Calling other_states
2025-04-08 12:06:48,577 - INFO - Calling get_edge_pc
2025-04-08 12:06:48,577 - INFO - Calling get_edge_pc
2025-04-08 12:06:48,577 - INFO - Calling edge_to_left_mid
2025-04-08 12:06:48,584 - INFO - Calling get_edge_pc
2025-04-08 12:06:48,584 - INFO - Calling get_edge_pc
2025-04-08 12:06:48,585 - INFO - Calling other_states
2025-04-08 12:06:48,585 - INFO - Calling edge_to_right_mid
2025-04-08 12:06:48,585 - INFO - Calling other_states
2025-04-08 12:06:48,585 - INFO - Calling get_edge_pc
2025-04-08 12:06:48,586 - INFO - Calling solve_final_layer
2025-04-08 12:06:48,586 - INFO - Calling other_states
2025-04-08 12:06:48,586 - INFO - Calling other_states
2025-04-08 12:06:48,586 - INFO - Calling other_states
2025-04-08 12:06:48,586 - INFO - Calling other_states
2025-04-08 12:06:48,587 - INFO - Calling other_states
2025-04-08 12:06:48,587 - INFO - Calling other_states
2025-04-08 12:06:48,587 - INFO - Calling edge_solving
2025-04-08 12:06:48,588 - INFO - Calling get_edge_pc
2025-04-08 12:06:48,588 - INFO - Calling other_states
2025-04-08 12:06:48,588 - INFO - Calling swap_adj_edges
2025-04-08 12:06:48,589 - INFO - Calling other_states
2025-04-08 12:06:48,589 - INFO - Calling get_edge_pc
2025-04-08 12:06:48,589 - INFO - Calling get_edge_pc
2025-04-08 12:06:48,589 - INFO - Calling other_states
2025-04-08 12:06:48,590 - INFO - Calling swap_adj_edges
2025-04-08 12:06:48,591 - INFO - Calling other_states
2025-04-08 12:06:48,591 - INFO - Calling get_edge_pc
2025-04-08 12:06:48,591 - INFO - Calling get_corner_pc
2025-04-08 12:06:48,592 - INFO - Calling other_states
2025-04-08 12:06:48,592 - INFO - Calling arrange_upper_corners
2025-04-08 12:06:48,592 - INFO - Calling other_states
2025-04-08 12:06:48,592 - INFO - Calling other_states
2025-04-08 12:06:48,592 - INFO - Calling get_corner_pc
2025-04-08 12:06:48,599 - INFO - Calling arrange_upper_corners
2025-04-08 12:06:48,599 - INFO - Calling get_corner_pc
2025-04-08 12:06:48,600 - INFO - Calling other_states
2025-04-08 12:06:48,601 - INFO - Calling get_corner_pc
2025-04-08 12:06:48,601 - INFO - Calling other_states
2025-04-08 12:06:48,603 - INFO - Calling get_corner_pc
2025-04-08 12:06:48,605 - INFO - Calling other_states
2025-04-08 12:06:48,605 - INFO - Calling get_corner_pc
2025-04-08 12:06:48,605 - INFO - Calling other_states
2025-04-08 12:06:48,606 - INFO - Calling get_corner_pc
2025-04-08 12:06:48,606 - INFO - Calling other_states
2025-04-08 12:06:48,606 - INFO - Calling get_corner_pc
2025-04-08 12:06:48,606 - INFO - Calling get_corner_pc
2025-04-08 12:06:48,606 - INFO - Calling corner_move
2025-04-08 12:06:48,607 - INFO - Calling other_states
2025-04-08 12:06:48,607 - INFO - Calling corner_move
2025-04-08 12:06:48,607 - INFO - Calling other_states
2025-04-08 12:06:48,607 - INFO - Calling corner_move
2025-04-08 12:06:48,607 - INFO - Calling other_states
2025-04-08 12:06:48,608 - INFO - Calling corner_move
2025-04-08 12:06:48,608 - INFO - Calling other_states
2025-04-08 12:06:48,608 - INFO - Calling results
2025-04-08 12:06:48,608 - INFO - Calling proceed
